Operations to perform:
  Apply all migrations: admin, auth, authtoken, contenttypes, sessions
Running migrations:
  No migrations to apply.
  Your models in app(s): 'api' have changes that are not yet reflected in a migration, and so won't be applied.
  Run 'manage.py makemigrations' to make new migrations, and then re-run 'manage.py migrate' to apply them.
Watching for file changes with StatReloader
Performing system checks...

System check identified no issues (0 silenced).
June 25, 2025 - 04:30:47
Django version 5.2, using settings 'config.settings'
Starting development server at http://0.0.0.0:3001/
Quit the server with CONTROL-C.

WARNING: This is a development server. Do not use it in a production setting. Use a production WSGI or ASGI server instead.
For more information on production servers see: https://docs.djangoproject.com/en/5.2/howto/deployment/
/home/kavia/workspace/code-generation/itemvault-70180-1cc6c556/backend_api_workspace/backend_api/api/views.py changed, reloading.
Watching for file changes with StatReloader
Performing system checks...

System check identified no issues (0 silenced).
June 25, 2025 - 04:30:58
Django version 5.2, using settings 'config.settings'
Starting development server at http://0.0.0.0:3001/
Quit the server with CONTROL-C.

WARNING: This is a development server. Do not use it in a production setting. Use a production WSGI or ASGI server instead.
For more information on production servers see: https://docs.djangoproject.com/en/5.2/howto/deployment/
/home/kavia/workspace/code-generation/itemvault-70180-1cc6c556/backend_api_workspace/backend_api/api/views.py changed, reloading.
Watching for file changes with StatReloader
Performing system checks...

System check identified no issues (0 silenced).
June 25, 2025 - 04:31:26
Django version 5.2, using settings 'config.settings'
Starting development server at http://0.0.0.0:3001/
Quit the server with CONTROL-C.

WARNING: This is a development server. Do not use it in a production setting. Use a production WSGI or ASGI server instead.
For more information on production servers see: https://docs.djangoproject.com/en/5.2/howto/deployment/
/home/kavia/workspace/code-generation/itemvault-70180-1cc6c556/backend_api_workspace/backend_api/config/urls.py changed, reloading.
Watching for file changes with StatReloader
Performing system checks...

System check identified no issues (0 silenced).
June 25, 2025 - 04:31:34
Django version 5.2, using settings 'config.settings'
Starting development server at http://0.0.0.0:3001/
Quit the server with CONTROL-C.

WARNING: This is a development server. Do not use it in a production setting. Use a production WSGI or ASGI server instead.
For more information on production servers see: https://docs.djangoproject.com/en/5.2/howto/deployment/
/home/kavia/workspace/code-generation/itemvault-70180-1cc6c556/backend_api_workspace/backend_api/api/views.py changed, reloading.
Watching for file changes with StatReloader
Performing system checks...

System check identified no issues (0 silenced).
June 25, 2025 - 04:31:45
Django version 5.2, using settings 'config.settings'
Starting development server at http://0.0.0.0:3001/
Quit the server with CONTROL-C.

WARNING: This is a development server. Do not use it in a production setting. Use a production WSGI or ASGI server instead.
For more information on production servers see: https://docs.djangoproject.com/en/5.2/howto/deployment/
/home/kavia/workspace/code-generation/itemvault-70180-1cc6c556/backend_api_workspace/backend_api/api/views.py changed, reloading.
Watching for file changes with StatReloader
Performing system checks...

System check identified no issues (0 silenced).
June 25, 2025 - 04:31:47
Django version 5.2, using settings 'config.settings'
Starting development server at http://0.0.0.0:3001/
Quit the server with CONTROL-C.

WARNING: This is a development server. Do not use it in a production setting. Use a production WSGI or ASGI server instead.
For more information on production servers see: https://docs.djangoproject.com/en/5.2/howto/deployment/
/home/kavia/workspace/code-generation/itemvault-70180-1cc6c556/backend_api_workspace/backend_api/api/views.py changed, reloading.
Watching for file changes with StatReloader
Performing system checks...

System check identified no issues (0 silenced).
June 25, 2025 - 04:31:49
Django version 5.2, using settings 'config.settings'
Starting development server at http://0.0.0.0:3001/
Quit the server with CONTROL-C.

WARNING: This is a development server. Do not use it in a production setting. Use a production WSGI or ASGI server instead.
For more information on production servers see: https://docs.djangoproject.com/en/5.2/howto/deployment/
/home/kavia/workspace/code-generation/itemvault-70180-1cc6c556/backend_api_workspace/backend_api/api/views.py changed, reloading.
Watching for file changes with StatReloader
Performing system checks...

System check identified no issues (0 silenced).
June 25, 2025 - 04:31:54
Django version 5.2, using settings 'config.settings'
Starting development server at http://0.0.0.0:3001/
Quit the server with CONTROL-C.

WARNING: This is a development server. Do not use it in a production setting. Use a production WSGI or ASGI server instead.
For more information on production servers see: https://docs.djangoproject.com/en/5.2/howto/deployment/
/home/kavia/workspace/code-generation/itemvault-70180-1cc6c556/backend_api_workspace/backend_api/api/views.py changed, reloading.
Watching for file changes with StatReloader
Performing system checks...

System check identified no issues (0 silenced).
June 25, 2025 - 04:31:56
Django version 5.2, using settings 'config.settings'
Starting development server at http://0.0.0.0:3001/
Quit the server with CONTROL-C.

WARNING: This is a development server. Do not use it in a production setting. Use a production WSGI or ASGI server instead.
For more information on production servers see: https://docs.djangoproject.com/en/5.2/howto/deployment/
/home/kavia/workspace/code-generation/itemvault-70180-1cc6c556/backend_api_workspace/backend_api/api/views.py changed, reloading.
Watching for file changes with StatReloader
Performing system checks...

System check identified no issues (0 silenced).
June 25, 2025 - 04:31:58
Django version 5.2, using settings 'config.settings'
Starting development server at http://0.0.0.0:3001/
Quit the server with CONTROL-C.

WARNING: This is a development server. Do not use it in a production setting. Use a production WSGI or ASGI server instead.
For more information on production servers see: https://docs.djangoproject.com/en/5.2/howto/deployment/
/home/kavia/workspace/code-generation/itemvault-70180-1cc6c556/backend_api_workspace/backend_api/config/urls.py changed, reloading.
Watching for file changes with StatReloader
Performing system checks...

System check identified no issues (0 silenced).
June 25, 2025 - 04:32:02
Django version 5.2, using settings 'config.settings'
Starting development server at http://0.0.0.0:3001/
Quit the server with CONTROL-C.

WARNING: This is a development server. Do not use it in a production setting. Use a production WSGI or ASGI server instead.
For more information on production servers see: https://docs.djangoproject.com/en/5.2/howto/deployment/
/home/kavia/workspace/code-generation/itemvault-70180-1cc6c556/backend_api_workspace/backend_api/config/urls.py changed, reloading.
Watching for file changes with StatReloader
Performing system checks...

System check identified no issues (0 silenced).
June 25, 2025 - 04:32:21
Django version 5.2, using settings 'config.settings'
Starting development server at http://0.0.0.0:3001/
Quit the server with CONTROL-C.

WARNING: This is a development server. Do not use it in a production setting. Use a production WSGI or ASGI server instead.
For more information on production servers see: https://docs.djangoproject.com/en/5.2/howto/deployment/
/home/kavia/workspace/code-generation/itemvault-70180-1cc6c556/backend_api_workspace/backend_api/api/views.py changed, reloading.
Watching for file changes with StatReloader
Performing system checks...

System check identified no issues (0 silenced).
June 25, 2025 - 04:32:59
Django version 5.2, using settings 'config.settings'
Starting development server at http://0.0.0.0:3001/
Quit the server with CONTROL-C.

WARNING: This is a development server. Do not use it in a production setting. Use a production WSGI or ASGI server instead.
For more information on production servers see: https://docs.djangoproject.com/en/5.2/howto/deployment/
/home/kavia/workspace/code-generation/itemvault-70180-1cc6c556/backend_api_workspace/backend_api/api/views.py changed, reloading.
Watching for file changes with StatReloader
Performing system checks...

System check identified no issues (0 silenced).
June 25, 2025 - 04:33:05
Django version 5.2, using settings 'config.settings'
Starting development server at http://0.0.0.0:3001/
Quit the server with CONTROL-C.

WARNING: This is a development server. Do not use it in a production setting. Use a production WSGI or ASGI server instead.
For more information on production servers see: https://docs.djangoproject.com/en/5.2/howto/deployment/
/home/kavia/workspace/code-generation/itemvault-70180-1cc6c556/backend_api_workspace/backend_api/api/views.py changed, reloading.
Watching for file changes with StatReloader
Performing system checks...

System check identified no issues (0 silenced).
June 25, 2025 - 04:33:09
Django version 5.2, using settings 'config.settings'
Starting development server at http://0.0.0.0:3001/
Quit the server with CONTROL-C.

WARNING: This is a development server. Do not use it in a production setting. Use a production WSGI or ASGI server instead.
For more information on production servers see: https://docs.djangoproject.com/en/5.2/howto/deployment/
/home/kavia/workspace/code-generation/itemvault-70180-1cc6c556/backend_api_workspace/backend_api/api/views.py changed, reloading.
Watching for file changes with StatReloader
Performing system checks...

System check identified no issues (0 silenced).
June 25, 2025 - 04:33:11
Django version 5.2, using settings 'config.settings'
Starting development server at http://0.0.0.0:3001/
Quit the server with CONTROL-C.

WARNING: This is a development server. Do not use it in a production setting. Use a production WSGI or ASGI server instead.
For more information on production servers see: https://docs.djangoproject.com/en/5.2/howto/deployment/
/home/kavia/workspace/code-generation/itemvault-70180-1cc6c556/backend_api_workspace/backend_api/api/views.py changed, reloading.
Watching for file changes with StatReloader
Performing system checks...

System check identified no issues (0 silenced).
June 25, 2025 - 04:33:13
Django version 5.2, using settings 'config.settings'
Starting development server at http://0.0.0.0:3001/
Quit the server with CONTROL-C.

WARNING: This is a development server. Do not use it in a production setting. Use a production WSGI or ASGI server instead.
For more information on production servers see: https://docs.djangoproject.com/en/5.2/howto/deployment/
/home/kavia/workspace/code-generation/itemvault-70180-1cc6c556/backend_api_workspace/backend_api/config/urls.py changed, reloading.
Watching for file changes with StatReloader
Performing system checks...

System check identified no issues (0 silenced).
June 25, 2025 - 04:33:18
Django version 5.2, using settings 'config.settings'
Starting development server at http://0.0.0.0:3001/
Quit the server with CONTROL-C.

WARNING: This is a development server. Do not use it in a production setting. Use a production WSGI or ASGI server instead.
For more information on production servers see: https://docs.djangoproject.com/en/5.2/howto/deployment/
/home/kavia/workspace/code-generation/itemvault-70180-1cc6c556/backend_api_workspace/backend_api/api/views.py changed, reloading.
Watching for file changes with StatReloader
Performing system checks...

System check identified no issues (0 silenced).
June 25, 2025 - 04:33:24
Django version 5.2, using settings 'config.settings'
Starting development server at http://0.0.0.0:3001/
Quit the server with CONTROL-C.

WARNING: This is a development server. Do not use it in a production setting. Use a production WSGI or ASGI server instead.
For more information on production servers see: https://docs.djangoproject.com/en/5.2/howto/deployment/
/home/kavia/workspace/code-generation/itemvault-70180-1cc6c556/backend_api_workspace/backend_api/api/views.py changed, reloading.
Watching for file changes with StatReloader
Performing system checks...

System check identified no issues (0 silenced).
June 25, 2025 - 04:33:26
Django version 5.2, using settings 'config.settings'
Starting development server at http://0.0.0.0:3001/
Quit the server with CONTROL-C.

WARNING: This is a development server. Do not use it in a production setting. Use a production WSGI or ASGI server instead.
For more information on production servers see: https://docs.djangoproject.com/en/5.2/howto/deployment/
/home/kavia/workspace/code-generation/itemvault-70180-1cc6c556/backend_api_workspace/backend_api/api/views.py changed, reloading.
Watching for file changes with StatReloader
Performing system checks...

System check identified no issues (0 silenced).
June 25, 2025 - 04:33:28
Django version 5.2, using settings 'config.settings'
Starting development server at http://0.0.0.0:3001/
Quit the server with CONTROL-C.

WARNING: This is a development server. Do not use it in a production setting. Use a production WSGI or ASGI server instead.
For more information on production servers see: https://docs.djangoproject.com/en/5.2/howto/deployment/
/home/kavia/workspace/code-generation/itemvault-70180-1cc6c556/backend_api_workspace/backend_api/api/views.py changed, reloading.
Watching for file changes with StatReloader
Performing system checks...

System check identified no issues (0 silenced).
June 25, 2025 - 04:33:32
Django version 5.2, using settings 'config.settings'
Starting development server at http://0.0.0.0:3001/
Quit the server with CONTROL-C.

WARNING: This is a development server. Do not use it in a production setting. Use a production WSGI or ASGI server instead.
For more information on production servers see: https://docs.djangoproject.com/en/5.2/howto/deployment/
/home/kavia/workspace/code-generation/itemvault-70180-1cc6c556/backend_api_workspace/backend_api/api/views.py changed, reloading.
Watching for file changes with StatReloader
Performing system checks...

System check identified no issues (0 silenced).
June 25, 2025 - 04:33:35
Django version 5.2, using settings 'config.settings'
Starting development server at http://0.0.0.0:3001/
Quit the server with CONTROL-C.

WARNING: This is a development server. Do not use it in a production setting. Use a production WSGI or ASGI server instead.
For more information on production servers see: https://docs.djangoproject.com/en/5.2/howto/deployment/
/home/kavia/workspace/code-generation/itemvault-70180-1cc6c556/backend_api_workspace/backend_api/config/urls.py changed, reloading.
Watching for file changes with StatReloader
Performing system checks...

System check identified no issues (0 silenced).
June 25, 2025 - 04:33:38
Django version 5.2, using settings 'config.settings'
Starting development server at http://0.0.0.0:3001/
Quit the server with CONTROL-C.

WARNING: This is a development server. Do not use it in a production setting. Use a production WSGI or ASGI server instead.
For more information on production servers see: https://docs.djangoproject.com/en/5.2/howto/deployment/
/home/kavia/workspace/code-generation/itemvault-70180-1cc6c556/backend_api_workspace/backend_api/api/views.py changed, reloading.
Watching for file changes with StatReloader
Performing system checks...

System check identified no issues (0 silenced).
June 25, 2025 - 04:33:49
Django version 5.2, using settings 'config.settings'
Starting development server at http://0.0.0.0:3001/
Quit the server with CONTROL-C.

WARNING: This is a development server. Do not use it in a production setting. Use a production WSGI or ASGI server instead.
For more information on production servers see: https://docs.djangoproject.com/en/5.2/howto/deployment/
/home/kavia/workspace/code-generation/itemvault-70180-1cc6c556/backend_api_workspace/backend_api/api/views.py changed, reloading.
Watching for file changes with StatReloader
Performing system checks...

System check identified no issues (0 silenced).
June 25, 2025 - 04:33:50
Django version 5.2, using settings 'config.settings'
Starting development server at http://0.0.0.0:3001/
Quit the server with CONTROL-C.

WARNING: This is a development server. Do not use it in a production setting. Use a production WSGI or ASGI server instead.
For more information on production servers see: https://docs.djangoproject.com/en/5.2/howto/deployment/
/home/kavia/workspace/code-generation/itemvault-70180-1cc6c556/backend_api_workspace/backend_api/api/views.py changed, reloading.
Watching for file changes with StatReloader
Performing system checks...

System check identified no issues (0 silenced).
June 25, 2025 - 04:33:52
Django version 5.2, using settings 'config.settings'
Starting development server at http://0.0.0.0:3001/
Quit the server with CONTROL-C.

WARNING: This is a development server. Do not use it in a production setting. Use a production WSGI or ASGI server instead.
For more information on production servers see: https://docs.djangoproject.com/en/5.2/howto/deployment/
/home/kavia/workspace/code-generation/itemvault-70180-1cc6c556/backend_api_workspace/backend_api/api/views.py changed, reloading.
Watching for file changes with StatReloader
Performing system checks...

System check identified no issues (0 silenced).
June 25, 2025 - 04:33:54
Django version 5.2, using settings 'config.settings'
Starting development server at http://0.0.0.0:3001/
Quit the server with CONTROL-C.

WARNING: This is a development server. Do not use it in a production setting. Use a production WSGI or ASGI server instead.
For more information on production servers see: https://docs.djangoproject.com/en/5.2/howto/deployment/
/home/kavia/workspace/code-generation/itemvault-70180-1cc6c556/backend_api_workspace/backend_api/api/views.py changed, reloading.
Watching for file changes with StatReloader
Performing system checks...

System check identified no issues (0 silenced).
June 25, 2025 - 04:33:56
Django version 5.2, using settings 'config.settings'
Starting development server at http://0.0.0.0:3001/
Quit the server with CONTROL-C.

WARNING: This is a development server. Do not use it in a production setting. Use a production WSGI or ASGI server instead.
For more information on production servers see: https://docs.djangoproject.com/en/5.2/howto/deployment/
/home/kavia/workspace/code-generation/itemvault-70180-1cc6c556/backend_api_workspace/backend_api/api/views.py changed, reloading.
Watching for file changes with StatReloader
Performing system checks...

System check identified no issues (0 silenced).
June 25, 2025 - 04:33:59
Django version 5.2, using settings 'config.settings'
Starting development server at http://0.0.0.0:3001/
Quit the server with CONTROL-C.

WARNING: This is a development server. Do not use it in a production setting. Use a production WSGI or ASGI server instead.
For more information on production servers see: https://docs.djangoproject.com/en/5.2/howto/deployment/
/home/kavia/workspace/code-generation/itemvault-70180-1cc6c556/backend_api_workspace/backend_api/config/urls.py changed, reloading.
Watching for file changes with StatReloader
Performing system checks...

System check identified no issues (0 silenced).
June 25, 2025 - 04:34:00
Django version 5.2, using settings 'config.settings'
Starting development server at http://0.0.0.0:3001/
Quit the server with CONTROL-C.

WARNING: This is a development server. Do not use it in a production setting. Use a production WSGI or ASGI server instead.
For more information on production servers see: https://docs.djangoproject.com/en/5.2/howto/deployment/
/home/kavia/workspace/code-generation/itemvault-70180-1cc6c556/backend_api_workspace/backend_api/api/views.py changed, reloading.
Watching for file changes with StatReloader
Performing system checks...

System check identified no issues (0 silenced).
June 25, 2025 - 04:34:07
Django version 5.2, using settings 'config.settings'
Starting development server at http://0.0.0.0:3001/
Quit the server with CONTROL-C.

WARNING: This is a development server. Do not use it in a production setting. Use a production WSGI or ASGI server instead.
For more information on production servers see: https://docs.djangoproject.com/en/5.2/howto/deployment/
/home/kavia/workspace/code-generation/itemvault-70180-1cc6c556/backend_api_workspace/backend_api/api/views.py changed, reloading.
Watching for file changes with StatReloader
Performing system checks...

System check identified no issues (0 silenced).
June 25, 2025 - 04:34:09
Django version 5.2, using settings 'config.settings'
Starting development server at http://0.0.0.0:3001/
Quit the server with CONTROL-C.

WARNING: This is a development server. Do not use it in a production setting. Use a production WSGI or ASGI server instead.
For more information on production servers see: https://docs.djangoproject.com/en/5.2/howto/deployment/
/home/kavia/workspace/code-generation/itemvault-70180-1cc6c556/backend_api_workspace/backend_api/api/views.py changed, reloading.
Watching for file changes with StatReloader
Performing system checks...

System check identified no issues (0 silenced).
June 25, 2025 - 04:34:11
Django version 5.2, using settings 'config.settings'
Starting development server at http://0.0.0.0:3001/
Quit the server with CONTROL-C.

WARNING: This is a development server. Do not use it in a production setting. Use a production WSGI or ASGI server instead.
For more information on production servers see: https://docs.djangoproject.com/en/5.2/howto/deployment/
/home/kavia/workspace/code-generation/itemvault-70180-1cc6c556/backend_api_workspace/backend_api/api/views.py changed, reloading.
Watching for file changes with StatReloader
Performing system checks...

System check identified no issues (0 silenced).
June 25, 2025 - 04:34:13
Django version 5.2, using settings 'config.settings'
Starting development server at http://0.0.0.0:3001/
Quit the server with CONTROL-C.

WARNING: This is a development server. Do not use it in a production setting. Use a production WSGI or ASGI server instead.
For more information on production servers see: https://docs.djangoproject.com/en/5.2/howto/deployment/
